2022-05-22 16:35:11.545 | ERROR    | __main__:<module>:60 - An error has been caught in function '<module>', process 'MainProcess' (2396), thread 'MainThread' (1248):
Traceback (most recent call last):

  File "C:\Users\PycharmProjects\Artem\credit\main.py", line 49, in read_package
    list_values.append(float(re.findall(DICT_KEYS[key], package.replace(' ', ''))[0]))
    │           │            │  │       │         │     │       └ <method 'replace' of 'str' objects>
    │           │            │  │       │         │     └ 'amount: 100000\ninterest: 5.5%\ndownpaymen: 20000\nterm: 30'
    │           │            │  │       │         └ 'downpayment'
    │           │            │  │       └ {'amount': 'amount:(\\d+)\\n', 'interest': 'interest:(\\d.\\d|\\d|/d/d)%', 'downpayment': 'downpayment:(\\d+)\\n', 'term': 't...
    │           │            │  └ <function findall at 0x000001CD34D814C0>
    │           │            └ <module 're' from 'C:\\Users\\Roman\\anaconda3\\lib\\re.py'>
    │           └ <method 'append' of 'list' objects>
    └ [100000.0, 5.5]

IndexError: list index out of range


During handling of the above exception, another exception occurred:


Traceback (most recent call last):

> File "C:\Users\PycharmProjects\Artem\credit\main.py", line 60, in <module>
    print(Credit(*read_package(input)).print_parametrs_credit())
          │       │            └ 'amount: 100000\ninterest: 5.5%\ndownpaymen: 20000\nterm: 30'
          │       └ <function read_package at 0x000001CD36C6AE50>
          └ <class '__main__.Credit'>

  File "C:\Users\PycharmProjects\Artem\credit\main.py", line 51, in read_package
    raise KeyError(INFO_MESSAGE_ERROR.format(key=key, package=package))
                   │                  │          │            └ 'amount: 100000\ninterest: 5.5%\ndownpaymen: 20000\nterm: 30'
                   │                  │          └ 'downpayment'
                   │                  └ <method 'format' of 'str' objects>
                   └ 'Ошибка в {key}, пришло {package}'

KeyError: 'Ошибка в downpayment, пришло amount: 100000\ninterest: 5.5%\ndownpaymen: 20000\nterm: 30'
